\BOOKMARK [0][-]{chapter.1}{\376\377\000I\000n\000t\000r\000o\000d\000u\000z\000i\000o\000n\000e}{}% 1
\BOOKMARK [1][-]{section.1.1}{\376\377\000P\000e\000r\000c\000h\000\351\000\040\000l\000'\000i\000m\000a\000g\000e\000\040\000c\000a\000p\000t\000i\000o\000n\000i\000n\000g\000?}{chapter.1}% 2
\BOOKMARK [1][-]{section.1.2}{\376\377\000C\000o\000n\000t\000e\000s\000t\000o\000\040\000d\000e\000l\000\040\000p\000r\000o\000g\000e\000t\000t\000o}{chapter.1}% 3
\BOOKMARK [1][-]{section.1.3}{\376\377\000I\000d\000e\000a\000\040\000d\000i\000\040\000b\000a\000s\000e}{chapter.1}% 4
\BOOKMARK [1][-]{section.1.4}{\376\377\000O\000b\000i\000e\000t\000t\000i\000v\000i\000\040\000d\000i\000d\000a\000t\000t\000i\000c\000i}{chapter.1}% 5
\BOOKMARK [0][-]{chapter.2}{\376\377\000I\000l\000\040\000D\000a\000t\000a\000s\000e\000t\000\040\000F\000l\000i\000c\000k\000r\0008\000k}{}% 6
\BOOKMARK [1][-]{section.2.1}{\376\377\000I\000n\000t\000r\000o\000d\000u\000z\000i\000o\000n\000e\000\040\000a\000l\000\040\000d\000a\000t\000a\000s\000e\000t}{chapter.2}% 7
\BOOKMARK [1][-]{section.2.2}{\376\377\000S\000t\000r\000u\000t\000t\000u\000r\000a\000\040\000d\000e\000i\000\040\000f\000i\000l\000e}{chapter.2}% 8
\BOOKMARK [1][-]{section.2.3}{\376\377\000P\000u\000l\000i\000z\000i\000a\000\040\000d\000e\000l\000\040\000t\000e\000s\000t\000o\000\040\000e\000\040\000p\000r\000e\000-\000p\000r\000o\000c\000e\000s\000s\000i\000n\000g}{chapter.2}% 9
\BOOKMARK [1][-]{section.2.4}{\376\377\000C\000o\000s\000t\000r\000u\000z\000i\000o\000n\000e\000\040\000d\000e\000l\000\040\000v\000o\000c\000a\000b\000o\000l\000a\000r\000i\000o}{chapter.2}% 10
\BOOKMARK [1][-]{section.2.5}{\376\377\000R\000i\000e\000p\000i\000l\000o\000g\000o}{chapter.2}% 11
\BOOKMARK [0][-]{chapter.3}{\376\377\000F\000o\000n\000d\000a\000m\000e\000n\000t\000i\000\040\000d\000i\000\040\000D\000e\000e\000p\000\040\000L\000e\000a\000r\000n\000i\000n\000g}{}% 12
\BOOKMARK [1][-]{section.3.1}{\376\377\000D\000a\000i\000\040\000n\000e\000u\000r\000o\000n\000i\000\040\000a\000r\000t\000i\000f\000i\000c\000i\000a\000l\000i\000\040\000a\000l\000l\000e\000\040\000r\000e\000t\000i\000\040\000p\000r\000o\000f\000o\000n\000d\000e}{chapter.3}% 13
\BOOKMARK [1][-]{section.3.2}{\376\377\000A\000r\000c\000h\000i\000t\000e\000t\000t\000u\000r\000a\000\040\000d\000i\000\040\000u\000n\000a\000\040\000r\000e\000t\000e\000\040\000n\000e\000u\000r\000a\000l\000e}{chapter.3}% 14
\BOOKMARK [1][-]{section.3.3}{\376\377\000I\000l\000\040\000p\000r\000o\000c\000e\000s\000s\000o\000\040\000d\000i\000\040\000a\000d\000d\000e\000s\000t\000r\000a\000m\000e\000n\000t\000o}{chapter.3}% 15
\BOOKMARK [1][-]{section.3.4}{\376\377\000E\000p\000o\000c\000h\000e\000,\000\040\000b\000a\000t\000c\000h\000\040\000e\000\040\000i\000t\000e\000r\000a\000z\000i\000o\000n\000i}{chapter.3}% 16
\BOOKMARK [1][-]{section.3.5}{\376\377\000O\000v\000e\000r\000f\000i\000t\000t\000i\000n\000g\000\040\000e\000\040\000r\000e\000g\000o\000l\000a\000r\000i\000z\000z\000a\000z\000i\000o\000n\000e}{chapter.3}% 17
\BOOKMARK [1][-]{section.3.6}{\376\377\000F\000u\000n\000z\000i\000o\000n\000i\000\040\000d\000i\000\040\000p\000e\000r\000d\000i\000t\000a\000\040\000e\000\040\000a\000l\000g\000o\000r\000i\000t\000m\000i\000\040\000d\000i\000\040\000o\000t\000t\000i\000m\000i\000z\000z\000a\000z\000i\000o\000n\000e}{chapter.3}% 18
\BOOKMARK [1][-]{section.3.7}{\376\377\000R\000i\000e\000p\000i\000l\000o\000g\000o}{chapter.3}% 19
\BOOKMARK [0][-]{chapter.4}{\376\377\000R\000e\000t\000i\000\040\000N\000e\000u\000r\000a\000l\000i\000\040\000C\000o\000n\000v\000o\000l\000u\000z\000i\000o\000n\000a\000l\000i\000\040\000\050\000C\000N\000N\000\051}{}% 20
\BOOKMARK [1][-]{section.4.1}{\376\377\000I\000n\000t\000r\000o\000d\000u\000z\000i\000o\000n\000e\000\040\000a\000l\000l\000e\000\040\000C\000N\000N}{chapter.4}% 21
\BOOKMARK [1][-]{section.4.2}{\376\377\000O\000p\000e\000r\000a\000z\000i\000o\000n\000e\000\040\000d\000i\000\040\000c\000o\000n\000v\000o\000l\000u\000z\000i\000o\000n\000e}{chapter.4}% 22
\BOOKMARK [1][-]{section.4.3}{\376\377\000P\000o\000o\000l\000i\000n\000g\000\040\000e\000\040\000r\000i\000d\000u\000z\000i\000o\000n\000e\000\040\000d\000i\000m\000e\000n\000s\000i\000o\000n\000a\000l\000e}{chapter.4}% 23
\BOOKMARK [1][-]{section.4.4}{\376\377\000F\000u\000n\000z\000i\000o\000n\000i\000\040\000d\000i\000\040\000a\000t\000t\000i\000v\000a\000z\000i\000o\000n\000e\000\040\000n\000e\000l\000l\000e\000\040\000C\000N\000N}{chapter.4}% 24
\BOOKMARK [1][-]{section.4.5}{\376\377\000S\000t\000r\000u\000t\000t\000u\000r\000a\000\040\000g\000e\000n\000e\000r\000a\000l\000e\000\040\000d\000i\000\040\000u\000n\000a\000\040\000C\000N\000N}{chapter.4}% 25
\BOOKMARK [1][-]{section.4.6}{\376\377\000T\000r\000a\000n\000s\000f\000e\000r\000\040\000l\000e\000a\000r\000n\000i\000n\000g\000\040\000e\000\040\000f\000e\000a\000t\000u\000r\000e\000\040\000e\000x\000t\000r\000a\000c\000t\000i\000o\000n}{chapter.4}% 26
\BOOKMARK [1][-]{section.4.7}{\376\377\000R\000i\000e\000p\000i\000l\000o\000g\000o}{chapter.4}% 27
\BOOKMARK [0][-]{chapter.5}{\376\377\000R\000e\000t\000i\000\040\000L\000S\000T\000M\000\040\000e\000\040\000G\000e\000n\000e\000r\000a\000z\000i\000o\000n\000e\000\040\000d\000i\000\040\000S\000e\000q\000u\000e\000n\000z\000e}{}% 28
\BOOKMARK [1][-]{section.5.1}{\376\377\000I\000n\000t\000r\000o\000d\000u\000z\000i\000o\000n\000e\000\040\000a\000l\000l\000e\000\040\000r\000e\000t\000i\000\040\000r\000i\000c\000o\000r\000r\000e\000n\000t\000i}{chapter.5}% 29
\BOOKMARK [1][-]{section.5.2}{\376\377\000S\000t\000r\000u\000t\000t\000u\000r\000a\000\040\000i\000n\000t\000e\000r\000n\000a\000\040\000d\000i\000\040\000u\000n\000a\000\040\000L\000S\000T\000M}{chapter.5}% 30
\BOOKMARK [1][-]{section.5.3}{\376\377\000G\000e\000n\000e\000r\000a\000z\000i\000o\000n\000e\000\040\000d\000i\000\040\000s\000e\000q\000u\000e\000n\000z\000e\000\040\000d\000i\000\040\000p\000a\000r\000o\000l\000e}{chapter.5}% 31
\BOOKMARK [1][-]{section.5.4}{\376\377\000A\000d\000d\000e\000s\000t\000r\000a\000m\000e\000n\000t\000o\000\040\000e\000\040\000t\000e\000a\000c\000h\000e\000r\000\040\000f\000o\000r\000c\000i\000n\000g}{chapter.5}% 32
\BOOKMARK [1][-]{section.5.5}{\376\377\000F\000u\000n\000z\000i\000o\000n\000e\000\040\000d\000i\000\040\000p\000e\000r\000d\000i\000t\000a\000\040\000e\000\040\000m\000a\000s\000c\000h\000e\000r\000a\000m\000e\000n\000t\000o}{chapter.5}% 33
\BOOKMARK [1][-]{section.5.6}{\376\377\000D\000e\000c\000o\000d\000i\000f\000i\000c\000a\000\040\000i\000n\000\040\000f\000a\000s\000e\000\040\000d\000i\000\040\000t\000e\000s\000t}{chapter.5}% 34
\BOOKMARK [1][-]{section.5.7}{\376\377\000R\000i\000e\000p\000i\000l\000o\000g\000o}{chapter.5}% 35
\BOOKMARK [0][-]{chapter.6}{\376\377\000A\000d\000d\000e\000s\000t\000r\000a\000m\000e\000n\000t\000o\000\040\000d\000e\000l\000\040\000M\000o\000d\000e\000l\000l\000o\000\040\000C\000N\000N\040\023\000L\000S\000T\000M}{}% 36
\BOOKMARK [1][-]{section.6.1}{\376\377\000I\000n\000t\000e\000g\000r\000a\000z\000i\000o\000n\000e\000\040\000d\000i\000\040\000C\000N\000N\000\040\000e\000\040\000L\000S\000T\000M}{chapter.6}% 37
\BOOKMARK [1][-]{section.6.2}{\376\377\000A\000r\000c\000h\000i\000t\000e\000t\000t\000u\000r\000a\000\040\000c\000o\000m\000b\000i\000n\000a\000t\000a}{chapter.6}% 38
\BOOKMARK [1][-]{section.6.3}{\376\377\000P\000r\000e\000p\000a\000r\000a\000z\000i\000o\000n\000e\000\040\000d\000e\000i\000\040\000d\000a\000t\000i\000\040\000p\000e\000r\000\040\000l\040\031\000a\000d\000d\000e\000s\000t\000r\000a\000m\000e\000n\000t\000o}{chapter.6}% 39
\BOOKMARK [1][-]{section.6.4}{\376\377\000T\000r\000a\000i\000n\000i\000n\000g\000\040\000l\000o\000o\000p}{chapter.6}% 40
\BOOKMARK [1][-]{section.6.5}{\376\377\000V\000a\000l\000i\000d\000a\000z\000i\000o\000n\000e\000\040\000e\000\040\000m\000e\000t\000r\000i\000c\000h\000e\000\040\000d\000i\000\040\000v\000a\000l\000u\000t\000a\000z\000i\000o\000n\000e}{chapter.6}% 41
\BOOKMARK [1][-]{section.6.6}{\376\377\000S\000a\000l\000v\000a\000t\000a\000g\000g\000i\000o\000\040\000e\000\040\000c\000a\000r\000i\000c\000a\000m\000e\000n\000t\000o\000\040\000d\000e\000i\000\040\000m\000o\000d\000e\000l\000l\000i}{chapter.6}% 42
\BOOKMARK [1][-]{section.6.7}{\376\377\000R\000i\000e\000p\000i\000l\000o\000g\000o}{chapter.6}% 43
\BOOKMARK [0][-]{chapter.7}{\376\377\000V\000a\000l\000u\000t\000a\000z\000i\000o\000n\000e\000,\000\040\000R\000i\000s\000u\000l\000t\000a\000t\000i\000\040\000e\000\040\000D\000i\000s\000c\000u\000s\000s\000i\000o\000n\000e}{}% 44
\BOOKMARK [1][-]{section.7.1}{\376\377\000O\000b\000i\000e\000t\000t\000i\000v\000i\000\040\000d\000e\000l\000l\000a\000\040\000v\000a\000l\000u\000t\000a\000z\000i\000o\000n\000e}{chapter.7}% 45
\BOOKMARK [1][-]{section.7.2}{\376\377\000M\000e\000t\000r\000i\000c\000h\000e\000\040\000q\000u\000a\000n\000t\000i\000t\000a\000t\000i\000v\000e}{chapter.7}% 46
\BOOKMARK [1][-]{section.7.3}{\376\377\000R\000i\000s\000u\000l\000t\000a\000t\000i\000\040\000s\000p\000e\000r\000i\000m\000e\000n\000t\000a\000l\000i}{chapter.7}% 47
\BOOKMARK [1][-]{section.7.4}{\376\377\000E\000s\000e\000m\000p\000i\000\040\000d\000i\000\040\000d\000i\000d\000a\000s\000c\000a\000l\000i\000e\000\040\000g\000e\000n\000e\000r\000a\000t\000e}{chapter.7}% 48
\BOOKMARK [1][-]{section.7.5}{\376\377\000G\000r\000a\000f\000i\000c\000i\000\040\000d\000i\000\040\000t\000r\000a\000i\000n\000i\000n\000g}{chapter.7}% 49
\BOOKMARK [1][-]{section.7.6}{\376\377\000D\000i\000s\000c\000u\000s\000s\000i\000o\000n\000e\000\040\000d\000e\000i\000\040\000l\000i\000m\000i\000t\000i}{chapter.7}% 50
\BOOKMARK [1][-]{section.7.7}{\376\377\000C\000o\000n\000c\000l\000u\000s\000i\000o\000n\000i\000\040\000d\000e\000l\000\040\000c\000a\000p\000i\000t\000o\000l\000o}{chapter.7}% 51
\BOOKMARK [0][-]{chapter.8}{\376\377\000C\000o\000n\000c\000l\000u\000s\000i\000o\000n\000i\000\040\000e\000\040\000P\000r\000o\000s\000p\000e\000t\000t\000i\000v\000e\000\040\000F\000u\000t\000u\000r\000e}{}% 52
\BOOKMARK [1][-]{section.8.1}{\376\377\000S\000i\000n\000t\000e\000s\000i\000\040\000d\000e\000l\000\040\000l\000a\000v\000o\000r\000o\000\040\000s\000v\000o\000l\000t\000o}{chapter.8}% 53
\BOOKMARK [1][-]{section.8.2}{\376\377\000C\000o\000n\000t\000r\000i\000b\000u\000t\000i\000\040\000e\000\040\000a\000s\000p\000e\000t\000t\000i\000\040\000i\000n\000n\000o\000v\000a\000t\000i\000v\000i}{chapter.8}% 54
\BOOKMARK [1][-]{section.8.3}{\376\377\000L\000i\000m\000i\000t\000i\000\040\000r\000i\000s\000c\000o\000n\000t\000r\000a\000t\000i}{chapter.8}% 55
\BOOKMARK [1][-]{section.8.4}{\376\377\000P\000r\000o\000s\000p\000e\000t\000t\000i\000v\000e\000\040\000f\000u\000t\000u\000r\000e}{chapter.8}% 56
\BOOKMARK [1][-]{section.8.5}{\376\377\000C\000o\000n\000c\000l\000u\000s\000i\000o\000n\000e\000\040\000g\000e\000n\000e\000r\000a\000l\000e}{chapter.8}% 57
\BOOKMARK [0][-]{chapter.9}{\376\377\000A\000n\000a\000l\000i\000s\000i\000\040\000d\000e\000i\000\040\000f\000i\000l\000e\000\040\000e\000\040\000d\000e\000l\000l\000e\000\040\000f\000u\000n\000z\000i\000o\000n\000i\000\040\000i\000m\000p\000l\000e\000m\000e\000n\000t\000a\000t\000e}{}% 58
\BOOKMARK [1][-]{section.9.1}{\376\377\000F\000i\000l\000e\000\040\000v\000o\000c\000a\000b\000\137\000b\000u\000i\000l\000d\000e\000r\000.\000p\000y}{chapter.9}% 59
\BOOKMARK [1][-]{section.9.2}{\376\377\000F\000i\000l\000e\000\040\000d\000a\000t\000a\000s\000e\000t\000.\000p\000y}{chapter.9}% 60
\BOOKMARK [1][-]{section.9.3}{\376\377\000F\000i\000l\000e\000\040\000m\000o\000d\000e\000l\000.\000p\000y}{chapter.9}% 61
\BOOKMARK [1][-]{section.9.4}{\376\377\000F\000i\000l\000e\000\040\000t\000r\000a\000i\000n\000.\000p\000y}{chapter.9}% 62
\BOOKMARK [1][-]{section.9.5}{\376\377\000F\000i\000l\000e\000\040\000e\000v\000a\000l\000.\000p\000y}{chapter.9}% 63
\BOOKMARK [1][-]{section.9.6}{\376\377\000F\000i\000l\000e\000\040\000v\000i\000s\000u\000a\000l\000i\000z\000e\000.\000p\000y}{chapter.9}% 64
\BOOKMARK [1][-]{section.9.7}{\376\377\000F\000i\000l\000e\000\040\000u\000i\000\137\000s\000t\000r\000e\000a\000m\000l\000i\000t\000.\000p\000y}{chapter.9}% 65
\BOOKMARK [1][-]{section.9.8}{\376\377\000F\000i\000l\000e\000\040\000u\000t\000i\000l\000s\000.\000p\000y}{chapter.9}% 66
\BOOKMARK [0][-]{appendix.Alph1}{\376\377\000S\000t\000r\000u\000t\000t\000u\000r\000a\000\040\000d\000e\000l\000\040\000R\000e\000p\000o\000s\000i\000t\000o\000r\000y\000\040\000e\000\040\000I\000s\000t\000r\000u\000z\000i\000o\000n\000i\000\040\000d\000'\000U\000s\000o}{}% 67
\BOOKMARK [1][-]{section.Alph1.1}{\376\377\000R\000e\000p\000o\000s\000i\000t\000o\000r\000y\000\040\000G\000i\000t\000H\000u\000b\000\040\000d\000e\000l\000\040\000p\000r\000o\000g\000e\000t\000t\000o}{appendix.Alph1}% 68
\BOOKMARK [1][-]{section.Alph1.2}{\376\377\000S\000t\000r\000u\000t\000t\000u\000r\000a\000\040\000d\000e\000l\000l\000e\000\040\000c\000a\000r\000t\000e\000l\000l\000e}{appendix.Alph1}% 69
\BOOKMARK [1][-]{section.Alph1.3}{\376\377\000I\000n\000s\000t\000a\000l\000l\000a\000z\000i\000o\000n\000e\000\040\000e\000\040\000r\000e\000q\000u\000i\000s\000i\000t\000i}{appendix.Alph1}% 70
\BOOKMARK [2][-]{subsection.Alph1.3.1}{\376\377\000R\000e\000q\000u\000i\000s\000i\000t\000i\000\040\000d\000i\000\040\000s\000i\000s\000t\000e\000m\000a}{section.Alph1.3}% 71
\BOOKMARK [2][-]{subsection.Alph1.3.2}{\376\377\000I\000n\000s\000t\000a\000l\000l\000a\000z\000i\000o\000n\000e\000\040\000p\000a\000s\000s\000o\000\040\000p\000e\000r\000\040\000p\000a\000s\000s\000o}{section.Alph1.3}% 72
\BOOKMARK [1][-]{section.Alph1.4}{\376\377\000E\000s\000e\000c\000u\000z\000i\000o\000n\000e\000\040\000d\000e\000l\000\040\000t\000r\000a\000i\000n\000i\000n\000g}{appendix.Alph1}% 73
\BOOKMARK [1][-]{section.Alph1.5}{\376\377\000V\000a\000l\000u\000t\000a\000z\000i\000o\000n\000e\000\040\000e\000\040\000g\000e\000n\000e\000r\000a\000z\000i\000o\000n\000e\000\040\000c\000a\000p\000t\000i\000o\000n}{appendix.Alph1}% 74
\BOOKMARK [1][-]{section.Alph1.6}{\376\377\000E\000s\000e\000c\000u\000z\000i\000o\000n\000e\000\040\000d\000e\000l\000l\040\031\000i\000n\000t\000e\000r\000f\000a\000c\000c\000i\000a\000\040\000S\000t\000r\000e\000a\000m\000l\000i\000t}{appendix.Alph1}% 75
\BOOKMARK [1][-]{section.Alph1.7}{\376\377\000R\000i\000p\000r\000o\000d\000u\000c\000i\000b\000i\000l\000i\000t\000\340\000\040\000d\000e\000i\000\040\000r\000i\000s\000u\000l\000t\000a\000t\000i}{appendix.Alph1}% 76
\BOOKMARK [0][-]{appendix*.5}{\376\377\000A\000p\000p\000e\000n\000d\000i\000c\000e\000\040\000B\000\040\040\023\000\040\000G\000l\000o\000s\000s\000a\000r\000i\000o\000\040\000d\000e\000i\000\040\000T\000e\000r\000m\000i\000n\000i\000\040\000T\000e\000c\000n\000i\000c\000i}{}% 77
\BOOKMARK [0][-]{appendix*.7}{\376\377\000A\000p\000p\000e\000n\000d\000i\000c\000e\000\040\000C\000\040\040\023\000\040\000T\000i\000m\000e\000l\000i\000n\000e\000\040\000d\000e\000l\000\040\000P\000r\000o\000g\000e\000t\000t\000o\000\040\000e\000\040\000R\000i\000p\000r\000o\000d\000u\000c\000i\000b\000i\000l\000i\000t\000\340\000\040\000d\000e\000g\000l\000i\000\040\000E\000s\000p\000e\000r\000i\000m\000e\000n\000t\000i}{}% 78
\BOOKMARK [1][-]{section.Alph1.8}{\376\377\000T\000i\000m\000e\000l\000i\000n\000e\000\040\000d\000e\000l\000\040\000p\000r\000o\000g\000e\000t\000t\000o}{appendix*.7}% 79
\BOOKMARK [1][-]{section.Alph1.9}{\376\377\000C\000o\000n\000t\000r\000o\000l\000l\000o\000\040\000d\000i\000\040\000v\000e\000r\000s\000i\000o\000n\000e\000\040\000e\000\040\000t\000r\000a\000c\000c\000i\000a\000b\000i\000l\000i\000t\000\340}{appendix*.7}% 80
\BOOKMARK [1][-]{section.Alph1.10}{\376\377\000R\000i\000p\000r\000o\000d\000u\000c\000i\000b\000i\000l\000i\000t\000\340\000\040\000d\000e\000g\000l\000i\000\040\000e\000s\000p\000e\000r\000i\000m\000e\000n\000t\000i}{appendix*.7}% 81
\BOOKMARK [1][-]{section.Alph1.11}{\376\377\000S\000u\000g\000g\000e\000r\000i\000m\000e\000n\000t\000i\000\040\000p\000r\000a\000t\000i\000c\000i\000\040\000p\000e\000r\000\040\000l\000a\000\040\000r\000e\000p\000l\000i\000c\000a}{appendix*.7}% 82
\BOOKMARK [1][-]{section.Alph1.12}{\376\377\000C\000o\000n\000c\000l\000u\000s\000i\000o\000n\000e}{appendix*.7}% 83
