\BOOKMARK [0][-]{chapter.1}{\376\377\000I\000n\000t\000r\000o\000d\000u\000z\000i\000o\000n\000e}{}% 1
\BOOKMARK [1][-]{section.1.1}{\376\377\000P\000e\000r\000c\000h\000\351\000\040\000l\000'\000i\000m\000a\000g\000e\000\040\000c\000a\000p\000t\000i\000o\000n\000i\000n\000g\000\040\000\350\000\040\000u\000n\000\040\000p\000r\000o\000b\000l\000e\000m\000a\000\040\000s\000i\000g\000n\000i\000f\000i\000c\000a\000t\000i\000v\000o}{chapter.1}% 2
\BOOKMARK [1][-]{section.1.2}{\376\377\000C\000o\000n\000t\000e\000s\000t\000o\000\040\000e\000\040\000o\000b\000i\000e\000t\000t\000i\000v\000o\000\040\000d\000e\000l\000\040\000p\000r\000o\000g\000e\000t\000t\000o}{chapter.1}% 3
\BOOKMARK [1][-]{section.1.3}{\376\377\000C\000o\000n\000t\000r\000i\000b\000u\000t\000i\000\040\000p\000r\000i\000n\000c\000i\000p\000a\000l\000i\000\040\000d\000e\000l\000l\000a\000\040\000r\000e\000v\000i\000s\000i\000o\000n\000e}{chapter.1}% 4
\BOOKMARK [0][-]{chapter.2}{\376\377\000D\000a\000t\000a\000s\000e\000t\000\040\000e\000\040\000P\000r\000e\000p\000r\000o\000c\000e\000s\000s\000i\000n\000g}{}% 5
\BOOKMARK [1][-]{section.2.1}{\376\377\000S\000c\000e\000l\000t\000a\000\040\000d\000e\000l\000\040\000d\000a\000t\000a\000s\000e\000t}{chapter.2}% 6
\BOOKMARK [1][-]{section.2.2}{\376\377\000A\000r\000t\000e\000f\000a\000t\000t\000i\000\040\000d\000a\000t\000i\000\040\000r\000e\000a\000l\000m\000e\000n\000t\000e\000\040\000g\000e\000n\000e\000r\000a\000t\000i}{chapter.2}% 7
\BOOKMARK [1][-]{section.2.3}{\376\377\000P\000u\000l\000i\000z\000i\000a\000\040\000d\000e\000l\000\040\000t\000e\000s\000t\000o\000\040\000e\000\040\000c\000o\000s\000t\000r\000u\000z\000i\000o\000n\000e\000\040\000d\000e\000l\000\040\000v\000o\000c\000a\000b\000o\000l\000a\000r\000i\000o}{chapter.2}% 8
\BOOKMARK [1][-]{section.2.4}{\376\377\000P\000e\000r\000c\000h\000\351\000\040\000q\000u\000e\000s\000t\000e\000\040\000s\000c\000e\000l\000t\000e\000\040\000s\000o\000n\000o\000\040\000c\000o\000e\000r\000e\000n\000t\000i\000\040\000c\000o\000n\000\040\000i\000l\000\040\000m\000o\000d\000e\000l\000l\000o}{chapter.2}% 9
\BOOKMARK [0][-]{chapter.3}{\376\377\000A\000r\000c\000h\000i\000t\000e\000t\000t\000u\000r\000a\000\040\000d\000e\000l\000\040\000M\000o\000d\000e\000l\000l\000o}{}% 10
\BOOKMARK [1][-]{section.3.1}{\376\377\000V\000i\000s\000i\000o\000n\000e\000\040\000g\000e\000n\000e\000r\000a\000l\000e\000\040\000d\000e\000l\000l\000a\000\040\000p\000i\000p\000e\000l\000i\000n\000e}{chapter.3}% 11
\BOOKMARK [1][-]{section.3.2}{\376\377\000E\000n\000c\000o\000d\000e\000r\000\040\000c\000o\000n\000v\000o\000l\000u\000z\000i\000o\000n\000a\000l\000e}{chapter.3}% 12
\BOOKMARK [1][-]{section.3.3}{\376\377\000D\000e\000c\000o\000d\000e\000r\000\040\000L\000S\000T\000M}{chapter.3}% 13
\BOOKMARK [1][-]{section.3.4}{\376\377\000D\000e\000c\000o\000d\000i\000f\000i\000c\000a\000\040\000e\000\040\000g\000e\000n\000e\000r\000a\000z\000i\000o\000n\000e}{chapter.3}% 14
\BOOKMARK [0][-]{chapter.4}{\376\377\000P\000r\000o\000c\000e\000d\000u\000r\000a\000\040\000d\000i\000\040\000A\000d\000d\000e\000s\000t\000r\000a\000m\000e\000n\000t\000o}{}% 15
\BOOKMARK [1][-]{section.4.1}{\376\377\000O\000b\000i\000e\000t\000t\000i\000v\000o\000\040\000d\000i\000\040\000o\000t\000t\000i\000m\000i\000z\000z\000a\000z\000i\000o\000n\000e}{chapter.4}% 16
\BOOKMARK [1][-]{section.4.2}{\376\377\000T\000e\000a\000c\000h\000e\000r\000\040\000f\000o\000r\000c\000i\000n\000g\000,\000\040\000s\000c\000h\000e\000d\000u\000l\000e\000d\000\040\000s\000a\000m\000p\000l\000i\000n\000g\000\040\000e\000\040\000l\000a\000b\000e\000l\000\040\000s\000m\000o\000o\000t\000h\000i\000n\000g}{chapter.4}% 17
\BOOKMARK [1][-]{section.4.3}{\376\377\000S\000t\000r\000a\000t\000e\000g\000i\000e\000\040\000d\000i\000\040\000s\000t\000a\000b\000i\000l\000i\000z\000z\000a\000z\000i\000o\000n\000e}{chapter.4}% 18
\BOOKMARK [1][-]{section.4.4}{\376\377\000V\000i\000n\000c\000o\000l\000i\000\040\000c\000o\000m\000p\000u\000t\000a\000z\000i\000o\000n\000a\000l\000i\000\040\000r\000e\000a\000l\000i}{chapter.4}% 19
\BOOKMARK [0][-]{chapter.5}{\376\377\000P\000r\000o\000t\000o\000c\000o\000l\000l\000o\000\040\000S\000p\000e\000r\000i\000m\000e\000n\000t\000a\000l\000e}{}% 20
\BOOKMARK [1][-]{section.5.1}{\376\377\000D\000a\000l\000l\000a\000\040\000b\000a\000s\000e\000l\000i\000n\000e\000\040\000a\000l\000l\000e\000\040\000a\000b\000l\000a\000t\000i\000o\000n}{chapter.5}% 21
\BOOKMARK [1][-]{section.5.2}{\376\377\000A\000r\000t\000e\000f\000a\000t\000t\000i\000\040\000s\000p\000e\000r\000i\000m\000e\000n\000t\000a\000l\000i\000\040\000u\000t\000i\000l\000i\000z\000z\000a\000t\000i}{chapter.5}% 22
\BOOKMARK [1][-]{section.5.3}{\376\377\000M\000e\000t\000r\000i\000c\000a\000\040\000d\000i\000\040\000v\000a\000l\000u\000t\000a\000z\000i\000o\000n\000e}{chapter.5}% 23
\BOOKMARK [0][-]{chapter.6}{\376\377\000R\000i\000s\000u\000l\000t\000a\000t\000i\000\040\000Q\000u\000a\000n\000t\000i\000t\000a\000t\000i\000v\000i}{}% 24
\BOOKMARK [1][-]{section.6.1}{\376\377\000T\000a\000b\000e\000l\000l\000a\000\040\000r\000i\000a\000s\000s\000u\000n\000t\000i\000v\000a\000\040\000d\000e\000g\000l\000i\000\040\000e\000s\000p\000e\000r\000i\000m\000e\000n\000t\000i}{chapter.6}% 25
\BOOKMARK [1][-]{section.6.2}{\376\377\000I\000n\000t\000e\000r\000p\000r\000e\000t\000a\000z\000i\000o\000n\000e\000\040\000d\000e\000i\000\040\000r\000i\000s\000u\000l\000t\000a\000t\000i}{chapter.6}% 26
\BOOKMARK [0][-]{chapter.7}{\376\377\000A\000n\000a\000l\000i\000s\000i\000\040\000Q\000u\000a\000l\000i\000t\000a\000t\000i\000v\000a}{}% 27
\BOOKMARK [1][-]{section.7.1}{\376\377\000P\000e\000r\000c\000h\000\351\000\040\000l\000a\000\040\000v\000a\000l\000u\000t\000a\000z\000i\000o\000n\000e\000\040\000q\000u\000a\000l\000i\000t\000a\000t\000i\000v\000a\000\040\000\350\000\040\000n\000e\000c\000e\000s\000s\000a\000r\000i\000a}{chapter.7}% 28
\BOOKMARK [1][-]{section.7.2}{\376\377\000E\000s\000e\000m\000p\000i\000o\000\040\000d\000i\000\040\000b\000a\000s\000e\000l\000i\000n\000e}{chapter.7}% 29
\BOOKMARK [1][-]{section.7.3}{\376\377\000E\000s\000e\000m\000p\000i\000o\000\040\000d\000i\000\040\000f\000i\000n\000e\000-\000t\000u\000n\000i\000n\000g}{chapter.7}% 30
\BOOKMARK [1][-]{section.7.4}{\376\377\000F\000a\000i\000l\000u\000r\000e\000\040\000c\000a\000s\000e}{chapter.7}% 31
\BOOKMARK [0][-]{chapter.8}{\376\377\000D\000i\000s\000c\000u\000s\000s\000i\000o\000n\000e\000\040\000d\000e\000i\000\040\000L\000i\000m\000i\000t\000i\000\040\000e\000\040\000P\000r\000o\000s\000p\000e\000t\000t\000i\000v\000e\000\040\000F\000u\000t\000u\000r\000e}{}% 32
\BOOKMARK [1][-]{section.8.1}{\376\377\000L\000i\000m\000i\000t\000i\000\040\000e\000m\000p\000i\000r\000i\000c\000i\000\040\000e\000m\000e\000r\000s\000i}{chapter.8}% 33
\BOOKMARK [1][-]{section.8.2}{\376\377\000L\000i\000m\000i\000t\000i\000\040\000s\000t\000r\000u\000t\000t\000u\000r\000a\000l\000i\000\040\000d\000e\000l\000l\000'\000a\000r\000c\000h\000i\000t\000e\000t\000t\000u\000r\000a}{chapter.8}% 34
\BOOKMARK [1][-]{section.8.3}{\376\377\000S\000v\000i\000l\000u\000p\000p\000i\000\040\000f\000u\000t\000u\000r\000i\000\040\000r\000e\000a\000l\000i\000s\000t\000i\000c\000i}{chapter.8}% 35
\BOOKMARK [0][-]{chapter.9}{\376\377\000C\000o\000n\000c\000l\000u\000s\000i\000o\000n\000i}{}% 36
\BOOKMARK [0][-]{appendix.Alph1}{\376\377\000F\000o\000n\000d\000a\000m\000e\000n\000t\000i\000\040\000T\000e\000o\000r\000i\000c\000i\000\040\000d\000i\000\040\000S\000u\000p\000p\000o\000r\000t\000o}{}% 37
\BOOKMARK [1][-]{section.Alph1.1}{\376\377\000P\000e\000r\000c\000h\000\351\000\040\000m\000a\000n\000t\000e\000n\000e\000r\000e\000\040\000i\000l\000\040\000m\000a\000t\000e\000r\000i\000a\000l\000e\000\040\000t\000e\000o\000r\000i\000c\000o}{appendix.Alph1}% 38
\BOOKMARK [0][-]{appendix.Alph2}{\376\377\000S\000t\000r\000u\000t\000t\000u\000r\000a\000\040\000d\000e\000l\000\040\000R\000e\000p\000o\000s\000i\000t\000o\000r\000y\000\040\000e\000\040\000R\000i\000p\000r\000o\000d\000u\000c\000i\000b\000i\000l\000i\000t\000\340}{}% 39
\BOOKMARK [1][-]{section.Alph2.1}{\376\377\000F\000i\000l\000e\000\040\000p\000r\000i\000n\000c\000i\000p\000a\000l\000i\000\040\000d\000e\000l\000\040\000p\000r\000o\000g\000e\000t\000t\000o}{appendix.Alph2}% 40
\BOOKMARK [1][-]{section.Alph2.2}{\376\377\000C\000o\000n\000f\000i\000g\000u\000r\000a\000z\000i\000o\000n\000i\000\040\000e\000\040\000c\000o\000m\000a\000n\000d\000i\000\040\000u\000t\000i\000l\000i\000z\000z\000a\000t\000i}{appendix.Alph2}% 41
\BOOKMARK [1][-]{section.Alph2.3}{\376\377\000A\000r\000t\000e\000f\000a\000t\000t\000i\000\040\000f\000i\000n\000a\000l\000i}{appendix.Alph2}% 42
